

================================================================
== Vivado HLS Report for 'lenet5_ap2'
================================================================
* Date:           Thu Nov 15 15:40:02 2018

* Version:        2017.2 (Build 1909853 on Thu Jun 15 18:55:24 MDT 2017)
* Project:        lenet5_ap2_shift
* Solution:       solution1
* Product family: zynq
* Target device:  xc7z020clg484-1


================================================================
== Performance Estimates
================================================================
+ Timing (ns): 
    * Summary: 
    +--------+-------+----------+------------+
    |  Clock | Target| Estimated| Uncertainty|
    +--------+-------+----------+------------+
    |ap_clk  |  10.00|      8.71|        1.25|
    +--------+-------+----------+------------+

+ Latency (clock cycles): 
    * Summary: 
    +---------+---------+---------+---------+---------+
    |      Latency      |      Interval     | Pipeline|
    |   min   |   max   |   min   |   max   |   Type  |
    +---------+---------+---------+---------+---------+
    |  2766552|  2766552|  2766553|  2766553|   none  |
    +---------+---------+---------+---------+---------+

    + Detail: 
        * Instance: 
        N/A

        * Loop: 
        +-----------------------------+---------+---------+----------+-----------+-----------+------+----------+
        |                             |      Latency      | Iteration|  Initiation Interval  | Trip |          |
        |          Loop Name          |   min   |   max   |  Latency |  achieved |   target  | Count| Pipelined|
        +-----------------------------+---------+---------+----------+-----------+-----------+------+----------+
        |- Loop 1                     |   771810|   771810|    128635|          -|          -|     6|    no    |
        | + Loop 1.1                  |   128632|   128632|      4594|          -|          -|    28|    no    |
        |  ++ Loop 1.1.1              |     4592|     4592|       164|          -|          -|    28|    no    |
        |   +++ Loop 1.1.1.1          |      160|      160|        32|          -|          -|     5|    no    |
        |    ++++ Loop 1.1.1.1.1      |       30|       30|         6|          -|          -|     5|    no    |
        |- Loop 2                     |    71916|    71916|     11986|          -|          -|     6|    no    |
        | + Loop 2.1                  |    11984|    11984|       856|          -|          -|    14|    no    |
        |  ++ Loop 2.1.1              |      854|      854|        61|          -|          -|    14|    no    |
        |   +++ Loop 2.1.1.1          |       48|       48|        24|          -|          -|     2|    no    |
        |    ++++ Loop 2.1.1.1.1      |       22|       22|        11|          -|          -|     2|    no    |
        |- Loop 3                     |  1542768|  1542768|     96423|          -|          -|    16|    no    |
        | + Loop 3.1                  |    96420|    96420|      9642|          -|          -|    10|    no    |
        |  ++ Loop 3.1.1              |     9640|     9640|       964|          -|          -|    10|    no    |
        |   +++ Loop 3.1.1.1          |      960|      960|       192|          -|          -|     5|    no    |
        |    ++++ Loop 3.1.1.1.1      |      190|      190|        38|          -|          -|     5|    no    |
        |     +++++ Loop 3.1.1.1.1.1  |       36|       36|         6|          -|          -|     6|    no    |
        |- Loop 4                     |    24592|    24592|      1537|          -|          -|    16|    no    |
        | + Loop 4.1                  |     1535|     1535|       307|          -|          -|     5|    no    |
        |  ++ Loop 4.1.1              |      305|      305|        61|          -|          -|     5|    no    |
        |   +++ Loop 4.1.1.1          |       48|       48|        24|          -|          -|     2|    no    |
        |    ++++ Loop 4.1.1.1.1      |       22|       22|        11|          -|          -|     2|    no    |
        |- Loop 5                     |      992|      992|        62|          -|          -|    16|    no    |
        | + Loop 5.1                  |       60|       60|        12|          -|          -|     5|    no    |
        |  ++ Loop 5.1.1              |       10|       10|         2|          -|          -|     5|    no    |
        |- Loop 6                     |   288480|   288480|      2404|          -|          -|   120|    no    |
        | + Loop 6.1                  |     2400|     2400|         6|          -|          -|   400|    no    |
        |- Loop 7                     |    60816|    60816|       724|          -|          -|    84|    no    |
        | + Loop 7.1                  |      720|      720|         6|          -|          -|   120|    no    |
        |- Loop 8                     |     5170|     5170|       517|          -|          -|    10|    no    |
        | + Loop 8.1                  |      504|      504|         6|          -|          -|    84|    no    |
        +-----------------------------+---------+---------+----------+-----------+-----------+------+----------+



================================================================
== Utilization Estimates
================================================================
* Summary: 
+-----------------+---------+-------+--------+-------+
|       Name      | BRAM_18K| DSP48E|   FF   |  LUT  |
+-----------------+---------+-------+--------+-------+
|DSP              |        -|      1|       -|      -|
|Expression       |        -|      -|   10228|   7660|
|FIFO             |        -|      -|       -|      -|
|Instance         |        -|      0|     542|   1114|
|Memory           |        -|      -|       -|      -|
|Multiplexer      |        -|      -|       -|   1372|
|Register         |        -|      -|    3779|      -|
+-----------------+---------+-------+--------+-------+
|Total            |        0|      1|   14549|  10146|
+-----------------+---------+-------+--------+-------+
|Available        |      280|    220|  106400|  53200|
+-----------------+---------+-------+--------+-------+
|Utilization (%)  |        0|   ~0  |      13|     19|
+-----------------+---------+-------+--------+-------+

+ Detail: 
    * Instance: 
    +-------------------------+----------------------+---------+-------+-----+-----+
    |         Instance        |        Module        | BRAM_18K| DSP48E|  FF | LUT |
    +-------------------------+----------------------+---------+-------+-----+-----+
    |lenet5_ap2_dcmp_6bkb_U1  |lenet5_ap2_dcmp_6bkb  |        0|      0|  130|  469|
    |lenet5_ap2_sitodpcud_U2  |lenet5_ap2_sitodpcud  |        0|      0|  412|  645|
    +-------------------------+----------------------+---------+-------+-----+-----+
    |Total                    |                      |        0|      0|  542| 1114|
    +-------------------------+----------------------+---------+-------+-----+-----+

    * DSP48: 
    +-------------------------+----------------------+--------------+
    |         Instance        |        Module        |  Expression  |
    +-------------------------+----------------------+--------------+
    |lenet5_ap2_mac_mudEe_U3  |lenet5_ap2_mac_mudEe  | i0 + i1 * i2 |
    +-------------------------+----------------------+--------------+

    * Memory: 
    N/A

    * FIFO: 
    N/A

    * Expression: 
    +-------------------------------+----------+-------+-----+-----+------------+------------+
    |         Variable Name         | Operation| DSP48E|  FF | LUT | Bitwidth P0| Bitwidth P1|
    +-------------------------------+----------+-------+-----+-----+------------+------------+
    |channel_1_fu_1175_p2           |     +    |      0|   14|    9|           3|           1|
    |channel_2_fu_1528_p2           |     +    |      0|   14|    9|           3|           1|
    |col_1_fu_1242_p2               |     +    |      0|   20|   10|           5|           1|
    |col_2_fu_1592_p2               |     +    |      0|   17|    9|           4|           1|
    |col_3_fu_2375_p2               |     +    |      0|   17|    9|           4|           1|
    |col_4_fu_3682_p2               |     +    |      0|   26|   12|           7|           1|
    |exp_V_15_fu_1737_p2            |     +    |      0|   38|   16|          11|           6|
    |exp_V_16_fu_1972_p2            |     +    |      0|   38|   16|           6|          11|
    |exp_V_17_fu_2963_p2            |     +    |      0|   38|   16|          11|           6|
    |exp_V_18_fu_3198_p2            |     +    |      0|   38|   16|           6|          11|
    |exp_V_19_fu_4455_p2            |     +    |      0|   38|   16|           6|          11|
    |exp_V_20_fu_4276_p2            |     +    |      0|   38|   16|           6|          11|
    |fil_col_1_fu_1323_p2           |     +    |      0|   14|    9|           3|           1|
    |fil_col_2_fu_2456_p2           |     +    |      0|   14|    9|           3|           1|
    |fil_col_3_fu_1776_p2           |     +    |      0|   11|    8|           2|           1|
    |fil_row_1_fu_1349_p2           |     +    |      0|   14|    9|           3|           1|
    |fil_row_2_fu_2486_p2           |     +    |      0|   14|    9|           3|           1|
    |fil_row_3_fu_1928_p2           |     +    |      0|   11|    8|           2|           1|
    |grp_fu_1145_p2                 |     +    |      0|   95|   35|          30|          30|
    |i_1_fu_2294_p2                 |     +    |      0|   20|   10|           5|           1|
    |i_2_fu_2754_p2                 |     +    |      0|   20|   10|           5|           1|
    |i_3_fu_3526_p2                 |     +    |      0|   20|   10|           5|           1|
    |i_4_fu_3876_p2                 |     +    |      0|   26|   12|           7|           1|
    |i_5_fu_4074_p2                 |     +    |      0|   17|    9|           4|           1|
    |j_1_fu_2818_p2                 |     +    |      0|   14|    9|           3|           1|
    |j_2_fu_3568_p2                 |     +    |      0|   14|    9|           3|           1|
    |j_3_fu_3916_p2                 |     +    |      0|   26|   12|           7|           1|
    |j_4_fu_4110_p2                 |     +    |      0|   26|   12|           7|           1|
    |k_1_fu_3641_p2                 |     +    |      0|   14|    9|           3|           1|
    |k_2_fu_2916_p2                 |     +    |      0|   14|    9|           3|           1|
    |l_1_fu_3002_p2                 |     +    |      0|   11|    8|           2|           1|
    |m_1_fu_3154_p2                 |     +    |      0|   11|    8|           2|           1|
    |n_1_fu_2512_p2                 |     +    |      0|   14|    9|           3|           1|
    |next_mul1_fu_3728_p2           |     +    |      0|   59|   23|           9|          18|
    |next_mul2_fu_3922_p2           |     +    |      0|   53|   21|           9|          16|
    |next_mul3_fu_4116_p2           |     +    |      0|   53|   21|           9|          16|
    |next_mul_fu_3514_p2            |     +    |      0|   32|   14|           9|           5|
    |p_Val2_10_fu_4007_p2           |     +    |      0|   95|   35|          30|          30|
    |p_Val2_12_fu_2706_p2           |     +    |      0|   95|   35|          30|          30|
    |p_Val2_15_fu_4235_p2           |     +    |      0|   95|   35|          30|          30|
    |p_Val2_16_fu_4218_p2           |     +    |      0|   95|   35|          30|          30|
    |p_Val2_1_cast_fu_4038_p2       |     +    |      0|   92|   34|          29|          29|
    |p_Val2_1_fu_4032_p2            |     +    |      0|   95|   35|          30|          30|
    |p_Val2_2_cast_fu_1502_p2       |     +    |      0|   92|   34|          29|          29|
    |p_Val2_5_fu_1480_p2            |     +    |      0|   95|   35|          30|          30|
    |p_Val2_6_cast_fu_2728_p2       |     +    |      0|   92|   34|          29|          29|
    |p_Val2_8_fu_3813_p2            |     +    |      0|   95|   35|          30|          30|
    |p_Val2_cast_fu_3844_p2         |     +    |      0|   92|   34|          29|          29|
    |p_Val2_s_39_fu_3838_p2         |     +    |      0|   95|   35|          30|          30|
    |row_1_fu_1293_p2               |     +    |      0|   20|   10|           5|           1|
    |row_2_fu_2426_p2               |     +    |      0|   17|    9|           4|           1|
    |row_3_fu_1690_p2               |     +    |      0|   17|    9|           4|           1|
    |row_4_fu_3722_p2               |     +    |      0|   32|   14|           9|           1|
    |tmp91_fu_3621_p2               |     +    |      0|   20|   10|           5|           5|
    |tmp92_fu_3647_p2               |     +    |      0|    0|   19|           9|           9|
    |tmp_100_fu_3008_p2             |     +    |      0|   17|    9|           4|           4|
    |tmp_120_fu_3113_p2             |     +    |      0|   41|   17|           6|          12|
    |tmp_124_fu_3160_p2             |     +    |      0|   17|    9|           4|           4|
    |tmp_125_fu_2836_p2             |     +    |      0|  197|   69|          64|          64|
    |tmp_138_fu_2875_p2             |     +    |      0|  197|   69|          64|          64|
    |tmp_13_fu_1252_p2              |     +    |      0|  197|   69|          64|          64|
    |tmp_144_fu_2436_p2             |     +    |      0|   56|   22|          17|          17|
    |tmp_151_fu_1830_p2             |     +    |      0|   50|   20|          15|          15|
    |tmp_155_fu_1791_p2             |     +    |      0|  197|   69|          64|          64|
    |tmp_169_fu_1359_p2             |     +    |      0|  197|   69|          64|          64|
    |tmp_171_fu_1386_p2             |     +    |      0|    0|   19|          64|          64|
    |tmp_172_fu_1391_p2             |     +    |      0|    0|   19|          64|          64|
    |tmp_183_fu_3701_p2             |     +    |      0|   29|   13|           8|           7|
    |tmp_184_fu_3586_p2             |     +    |      0|  197|   69|          64|          64|
    |tmp_188_fu_2934_p2             |     +    |      0|   56|   22|          17|          17|
    |tmp_18_fu_1333_p2              |     +    |      0|   20|   10|           5|           5|
    |tmp_191_fu_1943_p2             |     +    |      0|   56|   22|          17|          17|
    |tmp_194_fu_3895_p2             |     +    |      0|   32|   14|           9|           8|
    |tmp_198_fu_3734_p2             |     +    |      0|    0|   19|          18|          19|
    |tmp_199_fu_3740_p2             |     +    |      0|    0|   19|          19|          19|
    |tmp_204_fu_3662_p2             |     +    |      0|   50|   20|          15|          15|
    |tmp_207_fu_3056_p2             |     +    |      0|   50|   20|          15|          15|
    |tmp_209_fu_3017_p2             |     +    |      0|  197|   69|          64|          64|
    |tmp_217_fu_4089_p2             |     +    |      0|   32|   14|           9|           9|
    |tmp_221_fu_3928_p2             |     +    |      0|    0|   19|          19|          19|
    |tmp_222_fu_3934_p2             |     +    |      0|    0|   19|          19|          19|
    |tmp_227_fu_3169_p2             |     +    |      0|   56|   22|          17|          17|
    |tmp_230_fu_2522_p2             |     +    |      0|  197|   69|          64|          64|
    |tmp_234_fu_2571_p2             |     +    |      0|    0|   19|          64|          64|
    |tmp_235_fu_2576_p2             |     +    |      0|    0|   19|          64|          64|
    |tmp_237_fu_2611_p2             |     +    |      0|    0|   19|          64|          64|
    |tmp_238_fu_2616_p2             |     +    |      0|    0|   19|          64|          64|
    |tmp_243_fu_2553_p2             |     +    |      0|    0|   19|          64|          64|
    |tmp_247_fu_2601_p2             |     +    |      0|    0|   19|          15|          15|
    |tmp_248_fu_4122_p2             |     +    |      0|   56|   22|          17|          17|
    |tmp_27_fu_1364_p2              |     +    |      0|   20|   10|           5|           5|
    |tmp_33_fu_1610_p2              |     +    |      0|  197|   69|          64|          64|
    |tmp_40_fu_2466_p2              |     +    |      0|   17|    9|           4|           4|
    |tmp_47_fu_1782_p2              |     +    |      0|   20|   10|           5|           5|
    |tmp_50_fu_1649_p2              |     +    |      0|  197|   69|          64|          64|
    |tmp_52_fu_1887_p2              |     +    |      0|   41|   17|           6|          12|
    |tmp_66_fu_3653_p2              |     +    |      0|    0|   19|           9|           9|
    |tmp_70_fu_2496_p2              |     +    |      0|   17|    9|           4|           4|
    |tmp_73_fu_1934_p2              |     +    |      0|   20|   10|           5|           5|
    |tmp_74_fu_1303_p2              |     +    |      0|   56|   22|          17|          17|
    |tmp_91_fu_2385_p2              |     +    |      0|  197|   69|          64|          64|
    |tmp_98_fu_1708_p2              |     +    |      0|   56|   22|          17|          17|
    |F2_1_fu_3101_p2                |     -    |      0|   41|   17|          11|          12|
    |F2_fu_1875_p2                  |     -    |      0|   41|   17|          11|          12|
    |grp_fu_1115_p2                 |     -    |      0|  101|   37|           1|          32|
    |man_V_1_fu_2118_p2             |     -    |      0|  167|   59|           1|          54|
    |man_V_4_fu_3344_p2             |     -    |      0|  167|   59|           1|          54|
    |p_Val2_11_fu_4012_p2           |     -    |      0|   95|   35|          30|          30|
    |p_Val2_13_fu_2711_p2           |     -    |      0|   95|   35|          30|          30|
    |p_Val2_18_fu_4223_p2           |     -    |      0|   95|   35|          30|          30|
    |p_Val2_7_fu_1485_p2            |     -    |      0|   95|   35|          30|          30|
    |p_Val2_9_fu_3818_p2            |     -    |      0|   95|   35|          30|          30|
    |tmp_105_fu_2663_p2             |     -    |      0|  101|   37|           1|          32|
    |tmp_11_fu_1580_p2              |     -    |      0|  197|   69|          64|          64|
    |tmp_121_fu_3119_p2             |     -    |      0|   41|   17|           5|          12|
    |tmp_123_fu_3552_p2             |     -    |      0|  197|   69|          64|          64|
    |tmp_137_fu_2865_p2             |     -    |      0|   56|   22|          17|          17|
    |tmp_142_fu_2904_p2             |     -    |      0|   50|   20|          15|          15|
    |tmp_168_fu_1820_p2             |     -    |      0|   56|   22|          17|          17|
    |tmp_187_fu_3615_p2             |     -    |      0|   50|   20|          15|          15|
    |tmp_19_fu_1281_p2              |     -    |      0|   56|   22|          17|          17|
    |tmp_216_fu_3046_p2             |     -    |      0|   56|   22|          17|          17|
    |tmp_242_fu_2547_p2             |     -    |      0|    0|   19|          64|          64|
    |tmp_246_fu_2595_p2             |     -    |      0|    0|   19|          15|          15|
    |tmp_25_fu_2333_p2              |     -    |      0|  197|   69|          64|          64|
    |tmp_28_fu_2359_p2              |     -    |      0|  197|   69|          64|          64|
    |tmp_2_fu_1210_p2               |     -    |      0|  197|   69|          64|          64|
    |tmp_3_fu_1226_p2               |     -    |      0|  197|   69|          64|          64|
    |tmp_45_fu_1639_p2              |     -    |      0|   56|   22|          17|          17|
    |tmp_53_fu_1893_p2              |     -    |      0|   41|   17|           5|          12|
    |tmp_63_fu_1437_p2              |     -    |      0|  101|   37|           1|          32|
    |tmp_71_fu_1678_p2              |     -    |      0|   50|   20|          15|          15|
    |tmp_87_fu_2780_p2              |     -    |      0|  197|   69|          64|          64|
    |tmp_90_fu_2806_p2              |     -    |      0|  197|   69|          64|          64|
    |tmp_95_fu_2414_p2              |     -    |      0|   56|   22|          17|          17|
    |tmp_s_fu_1554_p2               |     -    |      0|  197|   69|          64|          64|
    |sel_tmp10_fu_3444_p2           |    and   |      0|    0|    2|           1|           1|
    |sel_tmp12_fu_3381_p2           |    and   |      0|    0|    2|           1|           1|
    |sel_tmp14_fu_3454_p2           |    and   |      0|    0|    2|           1|           1|
    |sel_tmp15_fu_3459_p2           |    and   |      0|    0|    2|           1|           1|
    |sel_tmp17_fu_3397_p2           |    and   |      0|    0|    2|           1|           1|
    |sel_tmp19_fu_4414_p2           |    and   |      0|    0|    2|           1|           1|
    |sel_tmp1_fu_2218_p2            |    and   |      0|    0|    2|           1|           1|
    |sel_tmp22_fu_4482_p2           |    and   |      0|    0|    2|           1|           1|
    |sel_tmp24_fu_4494_p2           |    and   |      0|    0|    2|           1|           1|
    |sel_tmp3_fu_2155_p2            |    and   |      0|    0|    2|           1|           1|
    |sel_tmp5_fu_2228_p2            |    and   |      0|    0|    2|           1|           1|
    |sel_tmp6_fu_2233_p2            |    and   |      0|    0|    2|           1|           1|
    |sel_tmp8_fu_2171_p2            |    and   |      0|    0|    2|           1|           1|
    |tmp_114_fu_2070_p2             |    and   |      0|    0|    2|           1|           1|
    |tmp_116_fu_2076_p2             |    and   |      0|    0|    2|           1|           1|
    |tmp_147_fu_3296_p2             |    and   |      0|    0|    2|           1|           1|
    |tmp_149_fu_3302_p2             |    and   |      0|    0|    2|           1|           1|
    |tmp_158_fu_4372_p2             |    and   |      0|    0|    2|           1|           1|
    |tmp_160_fu_4378_p2             |    and   |      0|    0|    2|           1|           1|
    |tmp_110_fu_4191_p2             |   ashr   |      0|   99|  101|          32|          32|
    |tmp_127_fu_2681_p2             |   ashr   |      0|   99|  101|          32|          32|
    |tmp_133_fu_3410_p2             |   ashr   |      0|  143|  162|          54|          54|
    |tmp_60_fu_3786_p2              |   ashr   |      0|   99|  101|          32|          32|
    |tmp_76_fu_2184_p2              |   ashr   |      0|  143|  162|          54|          54|
    |tmp_78_fu_1455_p2              |   ashr   |      0|   99|  101|          32|          32|
    |tmp_84_fu_3980_p2              |   ashr   |      0|   99|  101|          32|          32|
    |exitcond10_fu_1317_p2          |   icmp   |      0|    0|    1|           3|           3|
    |exitcond11_fu_3520_p2          |   icmp   |      0|    0|    3|           5|           6|
    |exitcond12_fu_2812_p2          |   icmp   |      0|    0|    1|           3|           3|
    |exitcond13_fu_2420_p2          |   icmp   |      0|    0|    2|           4|           4|
    |exitcond14_fu_1343_p2          |   icmp   |      0|    0|    1|           3|           3|
    |exitcond15_fu_3676_p2          |   icmp   |      0|    0|    4|           7|           5|
    |exitcond16_fu_3562_p2          |   icmp   |      0|    0|    1|           3|           3|
    |exitcond17_fu_2910_p2          |   icmp   |      0|    0|    1|           3|           3|
    |exitcond18_fu_2450_p2          |   icmp   |      0|    0|    1|           3|           3|
    |exitcond19_fu_1770_p2          |   icmp   |      0|    0|    1|           2|           3|
    |exitcond1_fu_1169_p2           |   icmp   |      0|    0|    1|           3|           3|
    |exitcond20_fu_3870_p2          |   icmp   |      0|    0|    4|           7|           7|
    |exitcond21_fu_4068_p2          |   icmp   |      0|    0|    2|           4|           4|
    |exitcond22_fu_3716_p2          |   icmp   |      0|    0|    5|           9|           8|
    |exitcond23_fu_3635_p2          |   icmp   |      0|    0|    1|           3|           3|
    |exitcond24_fu_2480_p2          |   icmp   |      0|    0|    1|           3|           3|
    |exitcond25_fu_1922_p2          |   icmp   |      0|    0|    1|           2|           3|
    |exitcond26_fu_3910_p2          |   icmp   |      0|    0|    4|           7|           5|
    |exitcond27_fu_2996_p2          |   icmp   |      0|    0|    1|           2|           3|
    |exitcond28_fu_3148_p2          |   icmp   |      0|    0|    1|           2|           3|
    |exitcond29_fu_2506_p2          |   icmp   |      0|    0|    1|           3|           3|
    |exitcond2_fu_1522_p2           |   icmp   |      0|    0|    1|           3|           3|
    |exitcond3_fu_1236_p2           |   icmp   |      0|    0|    2|           5|           4|
    |exitcond4_fu_2288_p2           |   icmp   |      0|    0|    3|           5|           6|
    |exitcond5_fu_1586_p2           |   icmp   |      0|    0|    2|           4|           3|
    |exitcond6_fu_1287_p2           |   icmp   |      0|    0|    2|           5|           4|
    |exitcond7_fu_2748_p2           |   icmp   |      0|    0|    3|           5|           6|
    |exitcond8_fu_2369_p2           |   icmp   |      0|    0|    2|           4|           4|
    |exitcond9_fu_1684_p2           |   icmp   |      0|    0|    2|           4|           3|
    |exitcond_fu_4104_p2            |   icmp   |      0|    0|    4|           7|           7|
    |grp_fu_1089_p2                 |   icmp   |      0|    0|   16|          32|           1|
    |grp_fu_1095_p2                 |   icmp   |      0|    0|   16|          30|           1|
    |grp_fu_1101_p2                 |   icmp   |      0|    0|   16|          32|           1|
    |grp_fu_1159_p2                 |   icmp   |      0|    0|   16|          30|           1|
    |notlhs1_fu_2052_p2             |   icmp   |      0|    0|    6|          11|           2|
    |notlhs2_fu_3244_p2             |   icmp   |      0|    0|    6|          11|           2|
    |notlhs3_fu_3278_p2             |   icmp   |      0|    0|    6|          11|           2|
    |notlhs4_fu_4340_p2             |   icmp   |      0|    0|    6|          11|           2|
    |notlhs5_fu_4352_p2             |   icmp   |      0|    0|    6|          11|           2|
    |notlhs_fu_2018_p2              |   icmp   |      0|    0|    6|          11|           2|
    |notrhs1_fu_2058_p2             |   icmp   |      0|    0|   29|          52|           1|
    |notrhs2_fu_3250_p2             |   icmp   |      0|    0|   29|          52|           1|
    |notrhs3_fu_3284_p2             |   icmp   |      0|    0|   29|          52|           1|
    |notrhs4_fu_4346_p2             |   icmp   |      0|    0|   29|          52|           1|
    |notrhs5_fu_4358_p2             |   icmp   |      0|    0|   29|          52|           1|
    |notrhs_fu_2024_p2              |   icmp   |      0|    0|   29|          52|           1|
    |tmp_108_fu_4251_p2             |   icmp   |      0|    0|   16|          30|           1|
    |tmp_109_fu_4242_p2             |   icmp   |      0|    0|   16|          30|           1|
    |tmp_119_fu_3107_p2             |   icmp   |      0|    0|    6|          12|           5|
    |tmp_122_fu_3133_p2             |   icmp   |      0|    0|    6|          12|           5|
    |tmp_126_fu_3361_p2             |   icmp   |      0|    0|    6|          12|           6|
    |tmp_129_fu_3366_p2             |   icmp   |      0|    0|    6|          12|           5|
    |tmp_46_fu_1869_p2              |   icmp   |      0|    0|   32|          63|           1|
    |tmp_51_fu_1881_p2              |   icmp   |      0|    0|    6|          12|           5|
    |tmp_54_fu_1907_p2              |   icmp   |      0|    0|    6|          12|           5|
    |tmp_64_fu_2135_p2              |   icmp   |      0|    0|    6|          12|           6|
    |tmp_65_fu_2140_p2              |   icmp   |      0|    0|    6|          12|           5|
    |tmp_79_fu_4176_p2              |   icmp   |      0|    0|    2|           4|           1|
    |tmp_99_fu_3095_p2              |   icmp   |      0|    0|   32|          63|           1|
    |brmerge1_fu_2087_p2            |    or    |      0|    0|    2|           1|           1|
    |brmerge2_fu_3313_p2            |    or    |      0|    0|    2|           1|           1|
    |brmerge_fu_4389_p2             |    or    |      0|    0|    2|           1|           1|
    |or_cond1_fu_2256_p2            |    or    |      0|    0|    2|           1|           1|
    |or_cond2_fu_2270_p2            |    or    |      0|    0|    2|           1|           1|
    |or_cond3_fu_3470_p2            |    or    |      0|    0|    2|           1|           1|
    |or_cond4_fu_3482_p2            |    or    |      0|    0|    2|           1|           1|
    |or_cond5_fu_3496_p2            |    or    |      0|    0|    2|           1|           1|
    |or_cond_fu_2244_p2             |    or    |      0|    0|    2|           1|           1|
    |sel_tmp17_demorgan_fu_2145_p2  |    or    |      0|    0|    2|           1|           1|
    |sel_tmp32_demorgan_fu_2160_p2  |    or    |      0|    0|    2|           1|           1|
    |sel_tmp49_demorgan_fu_3371_p2  |    or    |      0|    0|    2|           1|           1|
    |sel_tmp64_demorgan_fu_3386_p2  |    or    |      0|    0|    2|           1|           1|
    |tmp_112_fu_2048_p2             |    or    |      0|    0|    2|           1|           1|
    |tmp_113_fu_2064_p2             |    or    |      0|    0|    2|           1|           1|
    |tmp_145_fu_3274_p2             |    or    |      0|    0|    2|           1|           1|
    |tmp_146_fu_3290_p2             |    or    |      0|    0|    2|           1|           1|
    |tmp_156_fu_4364_p2             |    or    |      0|    0|    2|           1|           1|
    |tmp_157_fu_4368_p2             |    or    |      0|    0|    2|           1|           1|
    |tmp_175_fu_1418_p2             |    or    |      0|    0|   15|          15|           1|
    |tmp_202_fu_3758_p2             |    or    |      0|    0|   20|          20|           1|
    |tmp_225_fu_3952_p2             |    or    |      0|    0|   20|          20|           1|
    |tmp_241_fu_2640_p2             |    or    |      0|    0|   15|          15|           1|
    |tmp_257_fu_4157_p2             |    or    |      0|    0|   20|          20|           1|
    |d_assign_3_mux_fu_4394_p3      |  select  |      0|    0|   64|           1|           1|
    |grp_fu_1121_p3                 |  select  |      0|    0|   32|           1|          32|
    |man_V_2_fu_2124_p3             |  select  |      0|    0|   54|           1|          54|
    |man_V_5_fu_3350_p3             |  select  |      0|    0|   54|           1|          54|
    |max_index_2_fu_4434_p3         |  select  |      0|    0|   32|           1|           1|
    |max_index_mux_fu_4402_p3       |  select  |      0|    0|   32|           1|          32|
    |max_value_4_fu_4498_p3         |  select  |      0|    0|   64|           1|           1|
    |max_value_5_fu_2100_p3         |  select  |      0|    0|   64|           1|          64|
    |max_value_s_fu_3326_p3         |  select  |      0|    0|   64|           1|          64|
    |newSel1_fu_2249_p3             |  select  |      0|    0|   30|           1|          30|
    |newSel2_fu_2262_p3             |  select  |      0|    0|   30|           1|          30|
    |newSel3_fu_2276_p3             |  select  |      0|    0|   30|           1|          30|
    |newSel4_fu_3463_p3             |  select  |      0|    0|   30|           1|          30|
    |newSel5_fu_3475_p3             |  select  |      0|    0|   30|           1|          30|
    |newSel6_fu_3488_p3             |  select  |      0|    0|   30|           1|          30|
    |newSel7_fu_3502_p3             |  select  |      0|    0|   30|           1|          30|
    |newSel_fu_2237_p3              |  select  |      0|    0|   30|           1|          30|
    |op1_assign_1_mux_fu_3318_p3    |  select  |      0|    0|   64|           1|           1|
    |op1_assign_mux_fu_2092_p3      |  select  |      0|    0|   64|           1|           1|
    |p_0_i1_fu_1994_p3              |  select  |      0|    0|   64|           1|           1|
    |p_0_i2_fu_3220_p3              |  select  |      0|    0|   64|           1|           1|
    |p_0_i_fu_4298_p3               |  select  |      0|    0|   64|           1|           1|
    |p_Val2_1_44_fu_4052_p3         |  select  |      0|    0|   29|           1|           1|
    |p_Val2_2_14_fu_1507_p3         |  select  |      0|    0|   29|           1|           1|
    |p_Val2_6_27_fu_2733_p3         |  select  |      0|    0|   29|           1|           1|
    |p_Val2_s_40_fu_3858_p3         |  select  |      0|    0|   29|           1|           1|
    |r_V_1_fu_3806_p3               |  select  |      0|    0|   30|           1|          30|
    |r_V_2_fu_4000_p3               |  select  |      0|    0|   30|           1|          30|
    |r_V_3_fu_4211_p3               |  select  |      0|    0|   30|           1|          30|
    |r_V_fu_2699_p3                 |  select  |      0|    0|   30|           1|          30|
    |sel_tmp20_fu_4420_p3           |  select  |      0|    0|   64|           1|          64|
    |sel_tmp23_fu_4487_p3           |  select  |      0|    0|   64|           1|          64|
    |sel_tmp25_fu_4427_p3           |  select  |      0|    0|   32|           1|          32|
    |sh_amt_1_fu_3125_p3            |  select  |      0|    0|   12|           1|          12|
    |sh_amt_fu_1899_p3              |  select  |      0|    0|   12|           1|          12|
    |sh_assign_6_fu_2669_p3         |  select  |      0|    0|   32|           1|          32|
    |sh_assign_s_fu_1443_p3         |  select  |      0|    0|   32|           1|          32|
    |storemerge1_fu_2193_p3         |  select  |      0|    0|    2|           1|           2|
    |storemerge3_fu_3823_p3         |  select  |      0|    0|   30|           1|          30|
    |storemerge4_fu_4017_p3         |  select  |      0|    0|   30|           1|          30|
    |storemerge5_fu_3419_p3         |  select  |      0|    0|    2|           1|           2|
    |storemerge7_fu_2716_p3         |  select  |      0|    0|   30|           1|          30|
    |storemerge8_fu_4228_p3         |  select  |      0|    0|   30|           1|          30|
    |storemerge_fu_1490_p3          |  select  |      0|    0|   30|           1|          30|
    |tmp_182_fu_1473_p3             |  select  |      0|    0|   30|           1|          30|
    |v_assign_1_ph_fu_2985_p3       |  select  |      0|    0|   64|           1|           1|
    |v_assign_ph_fu_1759_p3         |  select  |      0|    0|   64|           1|           1|
    |tmp_111_fu_4197_p2             |    shl   |      0|   99|  101|          32|          32|
    |tmp_128_fu_2686_p2             |    shl   |      0|   99|  101|          32|          32|
    |tmp_136_fu_3429_p2             |    shl   |      0|   99|  101|          32|          32|
    |tmp_61_fu_3792_p2              |    shl   |      0|   99|  101|          32|          32|
    |tmp_85_fu_3986_p2              |    shl   |      0|   99|  101|          32|          32|
    |tmp_86_fu_1460_p2              |    shl   |      0|   99|  101|          32|          32|
    |tmp_89_fu_2203_p2              |    shl   |      0|   99|  101|          32|          32|
    |sel_tmp11_fu_3375_p2           |    xor   |      0|    0|    2|           1|           2|
    |sel_tmp13_fu_3449_p2           |    xor   |      0|    0|    2|           1|           2|
    |sel_tmp16_fu_3391_p2           |    xor   |      0|    0|    2|           1|           2|
    |sel_tmp18_fu_4409_p2           |    xor   |      0|    0|    2|           1|           2|
    |sel_tmp21_fu_4477_p2           |    xor   |      0|    0|    2|           1|           2|
    |sel_tmp2_fu_2149_p2            |    xor   |      0|    0|    2|           1|           2|
    |sel_tmp4_fu_2223_p2            |    xor   |      0|    0|    2|           1|           2|
    |sel_tmp7_fu_2165_p2            |    xor   |      0|    0|    2|           1|           2|
    |sel_tmp9_fu_3439_p2            |    xor   |      0|    0|    2|           1|           2|
    |sel_tmp_fu_2213_p2             |    xor   |      0|    0|    2|           1|           2|
    |tmp_117_fu_2081_p2             |    xor   |      0|    0|    2|           1|           2|
    |tmp_150_fu_3307_p2             |    xor   |      0|    0|    2|           1|           2|
    |tmp_161_fu_4383_p2             |    xor   |      0|    0|    2|           1|           2|
    +-------------------------------+----------+-------+-----+-----+------------+------------+
    |Total                          |          |      0|10228| 7660|        4674|        5102|
    +-------------------------------+----------+-------+-----+-----+------------+------------+

    * Multiplexer: 
    +----------------------+-----+-----------+-----+-----------+
    |         Name         | LUT | Input Size| Bits| Total Bits|
    +----------------------+-----+-----------+-----+-----------+
    |ap_NS_fsm             |  624|        121|    1|        121|
    |channel1_reg_645      |    9|          2|    3|          6|
    |channel_reg_587       |    9|          2|    3|          6|
    |col2_reg_656          |    9|          2|    4|          8|
    |col4_reg_915          |    9|          2|    7|         14|
    |col6_reg_735          |    9|          2|    4|          8|
    |col_reg_599           |    9|          2|    5|         10|
    |conv_bias_V_address0  |   15|          3|    6|         18|
    |conv_dot_V_address0   |   50|          9|   16|        144|
    |conv_dot_V_d0         |   33|          6|   30|        180|
    |conv_weight_address0  |   21|          4|   14|         56|
    |d_assign_1_reg_1009   |    9|          2|   64|        128|
    |fc_bias_V_address0    |   21|          4|    9|         36|
    |fc_dot_V_address0     |   40|          7|    2|         14|
    |fc_in_V_address0      |   15|          3|    9|         27|
    |fc_weight_address0    |   21|          4|   21|         84|
    |fc_weight_address1    |   21|          4|   21|         84|
    |fil_col4_reg_689      |    9|          2|    2|          4|
    |fil_col8_reg_759      |    9|          2|    3|          6|
    |fil_col_reg_623       |    9|          2|    3|          6|
    |fil_row5_reg_712      |    9|          2|    2|          4|
    |fil_row9_reg_770      |    9|          2|    3|          6|
    |fil_row_reg_634       |    9|          2|    3|          6|
    |grp_fu_1079_p0        |   21|          4|   64|        256|
    |grp_fu_1079_p1        |   21|          4|   64|        256|
    |grp_fu_1086_p0        |   40|          7|   32|        224|
    |i1_reg_792            |    9|          2|    5|         10|
    |i2_reg_870            |    9|          2|    5|         10|
    |i4_reg_962            |    9|          2|    7|         14|
    |i_reg_723             |    9|          2|    5|         10|
    |j1_reg_893            |    9|          2|    3|          6|
    |j3_reg_986            |    9|          2|    7|         14|
    |j4_reg_1056           |    9|          2|    7|         14|
    |j_reg_803             |    9|          2|    3|          6|
    |k1_reg_904            |    9|          2|    3|          6|
    |k_reg_814             |    9|          2|    3|          6|
    |l_reg_836             |    9|          2|    2|          4|
    |m_reg_859             |    9|          2|    2|          4|
    |max_index_1_reg_1031  |    9|          2|    4|          8|
    |max_value_6_fu_264    |    9|          2|   64|        128|
    |n_reg_781             |    9|          2|    3|          6|
    |op1_assign_1_reg_847  |    9|          2|   64|        128|
    |op1_assign_reg_700    |    9|          2|   64|        128|
    |p_Val2_21_reg_926     |    9|          2|   30|         60|
    |p_Val2_26_reg_973     |    9|          2|   30|         60|
    |p_Val2_29_reg_1043    |    9|          2|   30|         60|
    |phi_mul1_reg_951      |    9|          2|   18|         36|
    |phi_mul2_reg_998      |    9|          2|   16|         32|
    |phi_mul3_reg_1068     |    9|          2|   16|         32|
    |phi_mul_reg_881       |    9|          2|    9|         18|
    |pool_dot_V_address0   |   27|          5|   14|         70|
    |pool_dot_V_d0         |   15|          3|   30|         90|
    |row2_reg_939          |    9|          2|    9|         18|
    |row3_reg_667          |    9|          2|    4|          8|
    |row7_reg_747          |    9|          2|    4|          8|
    |row_reg_611           |    9|          2|    5|         10|
    |v_assign_1_reg_826    |    9|          2|   64|        128|
    |v_assign_reg_679      |    9|          2|   64|        128|
    +----------------------+-----+-----------+-----+-----------+
    |Total                 | 1372|        274|  989|       2972|
    +----------------------+-----+-----------+-----+-----------+

    * Register: 
    +----------------------------+-----+----+-----+-----------+
    |            Name            |  FF | LUT| Bits| Const Bits|
    +----------------------------+-----+----+-----+-----------+
    |ap_CS_fsm                   |  120|   0|  120|          0|
    |channel1_reg_645            |    3|   0|    3|          0|
    |channel_1_reg_4521          |    3|   0|    3|          0|
    |channel_2_reg_4670          |    3|   0|    3|          0|
    |channel_reg_587             |    3|   0|    3|          0|
    |col2_reg_656                |    4|   0|    4|          0|
    |col4_reg_915                |    7|   0|    7|          0|
    |col6_reg_735                |    4|   0|    4|          0|
    |col_1_reg_4555              |    5|   0|    5|          0|
    |col_2_reg_4689              |    4|   0|    4|          0|
    |col_3_reg_4923              |    4|   0|    4|          0|
    |col_4_reg_5339              |    7|   0|    7|          0|
    |col_reg_599                 |    5|   0|    5|          0|
    |conv_dot_V_addr_2_reg_4941  |   16|   0|   16|          0|
    |conv_dot_V_addr_reg_4573    |   16|   0|   16|          0|
    |d_assign_1_reg_1009         |   64|   0|   64|          0|
    |dp_11_reg_5599              |   64|   0|   64|          0|
    |dp_4_reg_4820               |   64|   0|   64|          0|
    |dp_7_reg_5217               |   64|   0|   64|          0|
    |fc_bias_V_addr_1_reg_5426   |    9|   0|    9|          0|
    |fc_bias_V_addr_2_reg_5504   |    9|   0|    9|          0|
    |fc_bias_V_addr_reg_5349     |    8|   0|    9|          1|
    |fil_col4_reg_689            |    2|   0|    2|          0|
    |fil_col8_reg_759            |    3|   0|    3|          0|
    |fil_col_1_reg_4581          |    3|   0|    3|          0|
    |fil_col_2_reg_4949          |    3|   0|    3|          0|
    |fil_col_3_reg_4745          |    2|   0|    2|          0|
    |fil_col_reg_623             |    3|   0|    3|          0|
    |fil_row5_reg_712            |    2|   0|    2|          0|
    |fil_row9_reg_770            |    3|   0|    3|          0|
    |fil_row_1_reg_4599          |    3|   0|    3|          0|
    |fil_row_2_reg_4967          |    3|   0|    3|          0|
    |fil_row_3_reg_4799          |    2|   0|    2|          0|
    |fil_row_reg_634             |    3|   0|    3|          0|
    |i1_reg_792                  |    5|   0|    5|          0|
    |i2_reg_870                  |    5|   0|    5|          0|
    |i4_reg_962                  |    7|   0|    7|          0|
    |i_1_reg_4888                |    5|   0|    5|          0|
    |i_2_reg_5067                |    5|   0|    5|          0|
    |i_3_reg_5290                |    5|   0|    5|          0|
    |i_4_reg_5416                |    7|   0|    7|          0|
    |i_5_reg_5499                |    4|   0|    4|          0|
    |i_reg_723                   |    5|   0|    5|          0|
    |isNeg_1_reg_5469            |    1|   0|    1|          0|
    |isNeg_2_reg_5037            |    1|   0|    1|          0|
    |isNeg_3_reg_5555            |    1|   0|    1|          0|
    |isNeg_reg_5392              |    1|   0|    1|          0|
    |isneg_1_reg_5157            |    1|   0|    1|          0|
    |isneg_reg_4760              |    1|   0|    1|          0|
    |j1_reg_893                  |    3|   0|    3|          0|
    |j3_reg_986                  |    7|   0|    7|          0|
    |j4_reg_1056                 |    7|   0|    7|          0|
    |j_1_reg_5086                |    3|   0|    3|          0|
    |j_2_reg_5303                |    3|   0|    3|          0|
    |j_3_reg_5439                |    7|   0|    7|          0|
    |j_4_reg_5517                |    7|   0|    7|          0|
    |j_reg_803                   |    3|   0|    3|          0|
    |k1_reg_904                  |    3|   0|    3|          0|
    |k_1_reg_5321                |    3|   0|    3|          0|
    |k_2_reg_5109                |    3|   0|    3|          0|
    |k_reg_814                   |    3|   0|    3|          0|
    |l_1_reg_5142                |    2|   0|    2|          0|
    |l_reg_836                   |    2|   0|    2|          0|
    |m_1_reg_5196                |    2|   0|    2|          0|
    |m_reg_859                   |    2|   0|    2|          0|
    |man_V_2_reg_4851            |   54|   0|   54|          0|
    |man_V_5_reg_5248            |   54|   0|   54|          0|
    |max_index_1_cast_reg_5490   |    4|   0|   32|         28|
    |max_index_1_reg_1031        |    4|   0|    4|          0|
    |max_index_2_reg_5640        |   32|   0|   32|          0|
    |max_index_reg_1019          |   32|   0|   32|          0|
    |max_value_6_fu_264          |   64|   0|   64|          0|
    |max_value_6_load_reg_5059   |   64|   0|   64|          0|
    |max_value_fu_260            |   64|   0|   64|          0|
    |max_value_load_reg_4662     |   64|   0|   64|          0|
    |n_1_reg_4985                |    3|   0|    3|          0|
    |n_reg_781                   |    3|   0|    3|          0|
    |newSel3_reg_4880            |   30|   0|   30|          0|
    |newSel7_reg_5277            |   30|   0|   30|          0|
    |next_mul1_reg_5367          |   18|   0|   18|          0|
    |next_mul2_reg_5444          |   16|   0|   16|          0|
    |next_mul3_reg_5522          |   16|   0|   16|          0|
    |next_mul_reg_5282           |    9|   0|    9|          0|
    |notlhs2_reg_5228            |    1|   0|    1|          0|
    |notlhs4_reg_5610            |    1|   0|    1|          0|
    |notlhs5_reg_5620            |    1|   0|    1|          0|
    |notlhs_reg_4831             |    1|   0|    1|          0|
    |notrhs2_reg_5233            |    1|   0|    1|          0|
    |notrhs4_reg_5615            |    1|   0|    1|          0|
    |notrhs5_reg_5625            |    1|   0|    1|          0|
    |notrhs_reg_4836             |    1|   0|    1|          0|
    |op1_assign_1_reg_847        |   64|   0|   64|          0|
    |op1_assign_reg_700          |   64|   0|   64|          0|
    |p_0_i1_reg_4825             |   64|   0|   64|          0|
    |p_0_i2_reg_5222             |   64|   0|   64|          0|
    |p_0_i_reg_5604              |   64|   0|   64|          0|
    |p_Val2_15_reg_5571          |   30|   0|   30|          0|
    |p_Val2_1_44_reg_5485        |   29|   0|   29|          0|
    |p_Val2_21_reg_926           |   30|   0|   30|          0|
    |p_Val2_26_reg_973           |   30|   0|   30|          0|
    |p_Val2_29_reg_1043          |   30|   0|   30|          0|
    |p_Val2_2_14_reg_4657        |   29|   0|   29|          0|
    |p_Val2_6_27_reg_5054        |   29|   0|   29|          0|
    |p_Val2_s_40_reg_5408        |   29|   0|   29|          0|
    |phi_mul1_reg_951            |   18|   0|   18|          0|
    |phi_mul2_reg_998            |   16|   0|   16|          0|
    |phi_mul3_reg_1068           |   16|   0|   16|          0|
    |phi_mul_reg_881             |    9|   0|    9|          0|
    |r_V_1_reg_5397              |   30|   0|   30|          0|
    |r_V_2_reg_5474              |   30|   0|   30|          0|
    |r_V_3_reg_5560              |   30|   0|   30|          0|
    |r_V_reg_5048                |   30|   0|   30|          0|
    |reg_1129                    |   30|   0|   30|          0|
    |reg_1133                    |   30|   0|   30|          0|
    |reg_1137                    |   64|   0|   64|          0|
    |reg_1141                    |   32|   0|   32|          0|
    |row2_reg_939                |    9|   0|    9|          0|
    |row3_reg_667                |    4|   0|    4|          0|
    |row7_reg_747                |    4|   0|    4|          0|
    |row_1_reg_4568              |    5|   0|    5|          0|
    |row_2_reg_4936              |    4|   0|    4|          0|
    |row_3_reg_4712              |    4|   0|    4|          0|
    |row_4_reg_5362              |    9|   0|    9|          0|
    |row_reg_611                 |    5|   0|    5|          0|
    |sel_tmp12_reg_5265          |    1|   0|    1|          0|
    |sel_tmp17_reg_5271          |    1|   0|    1|          0|
    |sel_tmp20_reg_5635          |   64|   0|   64|          0|
    |sel_tmp3_reg_4868           |    1|   0|    1|          0|
    |sel_tmp8_reg_4874           |    1|   0|    1|          0|
    |sh_amt_1_reg_5180           |   12|   0|   12|          0|
    |sh_amt_reg_4783             |   12|   0|   12|          0|
    |sh_assign_6_reg_5042        |   32|   0|   32|          0|
    |sh_assign_s_reg_4645        |   32|   0|   32|          0|
    |tmp91_cast_reg_5313         |    5|   0|    9|          4|
    |tmp_104_reg_5032            |    1|   0|    1|          0|
    |tmp_108_reg_5588            |    1|   0|    1|          0|
    |tmp_109_reg_5577            |    1|   0|    1|          0|
    |tmp_10_reg_4717             |    4|   0|    5|          1|
    |tmp_115_reg_4841            |    1|   0|    1|          0|
    |tmp_119_reg_5174            |    1|   0|    1|          0|
    |tmp_11_reg_4681             |   63|   0|   64|          1|
    |tmp_122_reg_5187            |    1|   0|    1|          0|
    |tmp_123_reg_5295            |   63|   0|   64|          1|
    |tmp_126_reg_5259            |    1|   0|    1|          0|
    |tmp_12_reg_4727             |    1|   0|    1|          0|
    |tmp_132_reg_5206            |    1|   0|    1|          0|
    |tmp_137_reg_5096            |   14|   0|   17|          3|
    |tmp_142_reg_5101            |   14|   0|   15|          1|
    |tmp_148_reg_5238            |    1|   0|    1|          0|
    |tmp_151_reg_4755            |   15|   0|   15|          0|
    |tmp_159_reg_5630            |    1|   0|    1|          0|
    |tmp_15_cast1_reg_5344       |    7|   0|   19|         12|
    |tmp_162_reg_4766            |   52|   0|   52|          0|
    |tmp_163_reg_4856            |   30|   0|   30|          0|
    |tmp_168_reg_4750            |   15|   0|   17|          2|
    |tmp_169_reg_4604            |   64|   0|   64|          0|
    |tmp_173_reg_4615            |   14|   0|   14|          0|
    |tmp_178_reg_4610            |   25|   0|   25|          0|
    |tmp_179_reg_4640            |    1|   0|    1|          0|
    |tmp_17_reg_4586             |    3|   0|   64|         61|
    |tmp_182_reg_4651            |   30|   0|   30|          0|
    |tmp_187_reg_5308            |   14|   0|   15|          1|
    |tmp_18_reg_4591             |    5|   0|    5|          0|
    |tmp_19_reg_4560             |   15|   0|   17|          2|
    |tmp_207_reg_5152            |   15|   0|   15|          0|
    |tmp_20_reg_5091             |    3|   0|    4|          1|
    |tmp_210_reg_5163            |   52|   0|   52|          0|
    |tmp_211_reg_5253            |   30|   0|   30|          0|
    |tmp_216_reg_5147            |   15|   0|   17|          2|
    |tmp_230_reg_4990            |   64|   0|   64|          0|
    |tmp_235_reg_5006            |   64|   0|   64|          0|
    |tmp_23_cast1_reg_5421       |    7|   0|   19|         12|
    |tmp_244_reg_4996            |   11|   0|   11|          0|
    |tmp_245_reg_5001            |   14|   0|   14|          0|
    |tmp_247_reg_5012            |   15|   0|   15|          0|
    |tmp_25_reg_4905             |   62|   0|   64|          2|
    |tmp_28_reg_4910             |   63|   0|   64|          1|
    |tmp_2_reg_4537              |   62|   0|   64|          2|
    |tmp_31_reg_4915             |   29|   0|   29|          0|
    |tmp_32_reg_5114             |    3|   0|    4|          1|
    |tmp_34_reg_5124             |    1|   0|    1|          0|
    |tmp_36_reg_5382             |    1|   0|    1|          0|
    |tmp_39_reg_4954             |    3|   0|   64|         61|
    |tmp_3_reg_4542              |   63|   0|   64|          1|
    |tmp_41_reg_4959             |    4|   0|   64|         60|
    |tmp_45_reg_4699             |   14|   0|   17|          3|
    |tmp_46_reg_4771             |    1|   0|    1|          0|
    |tmp_51_reg_4777             |    1|   0|    1|          0|
    |tmp_54_reg_4790             |    1|   0|    1|          0|
    |tmp_57_reg_5459             |    1|   0|    1|          0|
    |tmp_5_reg_4547              |   29|   0|   29|          0|
    |tmp_62_reg_4635             |    1|   0|    1|          0|
    |tmp_64_reg_4862             |    1|   0|    1|          0|
    |tmp_66_reg_5326             |    9|   0|    9|          0|
    |tmp_69_reg_4972             |    3|   0|   64|         61|
    |tmp_71_cast_reg_4977        |    4|   0|   15|         11|
    |tmp_71_reg_4704             |   14|   0|   15|          1|
    |tmp_75_reg_4809             |    1|   0|    1|          0|
    |tmp_79_reg_5537             |    1|   0|    1|          0|
    |tmp_7_reg_4694              |    4|   0|    5|          1|
    |tmp_81_reg_5545             |    1|   0|    1|          0|
    |tmp_87_reg_5072             |   62|   0|   64|          2|
    |tmp_90_reg_5078             |   63|   0|   64|          1|
    |tmp_95_reg_4928             |   15|   0|   17|          2|
    |tmp_99_reg_5168             |    1|   0|    1|          0|
    |tmp_reg_4513                |   25|   0|   25|          0|
    |tmp_s_reg_4675              |   62|   0|   64|          2|
    |v_assign_1_reg_826          |   64|   0|   64|          0|
    |v_assign_reg_679            |   64|   0|   64|          0|
    +----------------------------+-----+----+-----+-----------+
    |Total                       | 3779|   0| 4124|        345|
    +----------------------------+-----+----+-----+-----------+



================================================================
== Interface
================================================================
* Summary: 
+----------------------+-----+-----+------------+--------------+--------------+
|       RTL Ports      | Dir | Bits|  Protocol  | Source Object|    C Type    |
+----------------------+-----+-----+------------+--------------+--------------+
|ap_clk                |  in |    1| ap_ctrl_hs |  lenet5_ap2  | return value |
|ap_rst                |  in |    1| ap_ctrl_hs |  lenet5_ap2  | return value |
|ap_start              |  in |    1| ap_ctrl_hs |  lenet5_ap2  | return value |
|ap_done               | out |    1| ap_ctrl_hs |  lenet5_ap2  | return value |
|ap_idle               | out |    1| ap_ctrl_hs |  lenet5_ap2  | return value |
|ap_ready              | out |    1| ap_ctrl_hs |  lenet5_ap2  | return value |
|ap_return             | out |   32| ap_ctrl_hs |  lenet5_ap2  | return value |
|index                 |  in |   32|   ap_none  |     index    |    scalar    |
|conv_bias_V_address0  | out |    6|  ap_memory |  conv_bias_V |     array    |
|conv_bias_V_ce0       | out |    1|  ap_memory |  conv_bias_V |     array    |
|conv_bias_V_q0        |  in |   30|  ap_memory |  conv_bias_V |     array    |
|conv_dot_V_address0   | out |   16|  ap_memory |  conv_dot_V  |     array    |
|conv_dot_V_ce0        | out |    1|  ap_memory |  conv_dot_V  |     array    |
|conv_dot_V_we0        | out |    1|  ap_memory |  conv_dot_V  |     array    |
|conv_dot_V_d0         | out |   30|  ap_memory |  conv_dot_V  |     array    |
|conv_dot_V_q0         |  in |   30|  ap_memory |  conv_dot_V  |     array    |
|conv_weight_address0  | out |   14|  ap_memory |  conv_weight |     array    |
|conv_weight_ce0       | out |    1|  ap_memory |  conv_weight |     array    |
|conv_weight_q0        |  in |   32|  ap_memory |  conv_weight |     array    |
|conv_weight_address1  | out |   14|  ap_memory |  conv_weight |     array    |
|conv_weight_ce1       | out |    1|  ap_memory |  conv_weight |     array    |
|conv_weight_q1        |  in |   32|  ap_memory |  conv_weight |     array    |
|in_V_address0         | out |   24|  ap_memory |     in_V     |     array    |
|in_V_ce0              | out |    1|  ap_memory |     in_V     |     array    |
|in_V_q0               |  in |   30|  ap_memory |     in_V     |     array    |
|pool_dot_V_address0   | out |   14|  ap_memory |  pool_dot_V  |     array    |
|pool_dot_V_ce0        | out |    1|  ap_memory |  pool_dot_V  |     array    |
|pool_dot_V_we0        | out |    1|  ap_memory |  pool_dot_V  |     array    |
|pool_dot_V_d0         | out |   30|  ap_memory |  pool_dot_V  |     array    |
|pool_dot_V_q0         |  in |   30|  ap_memory |  pool_dot_V  |     array    |
|fc_in_V_address0      | out |    9|  ap_memory |    fc_in_V   |     array    |
|fc_in_V_ce0           | out |    1|  ap_memory |    fc_in_V   |     array    |
|fc_in_V_we0           | out |    1|  ap_memory |    fc_in_V   |     array    |
|fc_in_V_d0            | out |   30|  ap_memory |    fc_in_V   |     array    |
|fc_in_V_q0            |  in |   30|  ap_memory |    fc_in_V   |     array    |
|fc_dot_V_address0     | out |    2|  ap_memory |   fc_dot_V   |     array    |
|fc_dot_V_ce0          | out |    1|  ap_memory |   fc_dot_V   |     array    |
|fc_dot_V_we0          | out |    1|  ap_memory |   fc_dot_V   |     array    |
|fc_dot_V_d0           | out |    0|  ap_memory |   fc_dot_V   |     array    |
|fc_dot_V_q0           |  in |    0|  ap_memory |   fc_dot_V   |     array    |
|fc_weight_address0    | out |   21|  ap_memory |   fc_weight  |     array    |
|fc_weight_ce0         | out |    1|  ap_memory |   fc_weight  |     array    |
|fc_weight_q0          |  in |   32|  ap_memory |   fc_weight  |     array    |
|fc_weight_address1    | out |   21|  ap_memory |   fc_weight  |     array    |
|fc_weight_ce1         | out |    1|  ap_memory |   fc_weight  |     array    |
|fc_weight_q1          |  in |   32|  ap_memory |   fc_weight  |     array    |
|fc_bias_V_address0    | out |    9|  ap_memory |   fc_bias_V  |     array    |
|fc_bias_V_ce0         | out |    1|  ap_memory |   fc_bias_V  |     array    |
|fc_bias_V_q0          |  in |   30|  ap_memory |   fc_bias_V  |     array    |
+----------------------+-----+-----+------------+--------------+--------------+

